---
source: src/app.rs
expression: terminal.backend()
---
"                           ┌ Keys ──────────────────────────────────────┐                           "
"                           │                                            │                           "
"                           │                  Commands                  │                           "
"                           │enter        - Execute full command         │                           "
"                           │alt+\        - Execute until cursor         │                           "
"                           │alt+|        - Execute before cursor        │                           "
"                           │alt+i        - Reset input                  │                           "
"                           │                                            │                           "
"                           │f12          - Toggle Live mode             │                           "
"                           │f11          - Toggle Live Until Cursor mode│                           "
"                           │                                            │                           "
"┌──────────────────────────│              Subcommand edit               │──────────────────────────┐"
"│                          │alt+left     - Go to previous subcommand    │                          │"
"└──────────────────────────│                     ▼                      │──────────────────────────┘"
"                           └────────────────────────────────────────────┘                       L:0 "
