---
source: src/presets_widget.rs
expression: terminal.backend()
---
"                                        "
"                                        "
"                                        "
"    ┌ Presets ─────────────────────┐    "
"    │[j] jq -c ''                  │    "
"    │    grep | sort | uniq -c | so│    "
"    └──────────────────────────────┘    "
"                                        "
"                                        "
"                                        "
