---
source: src/app.rs
expression: terminal.backend()
---
"                                                                                                    "
"                                                                                                    "
"                                                                                                    "
"                                                                                                    "
"                                                                                                    "
"                                                                                                    "
"                                                                                                    "
"                                                                                                    "
"                                                                                                    "
"                                                                                                    "
"                                                                                                    "
"                                                                                                    "
"                    ┌ Save output to file ─────────────────────────────────────┐                    "
"                    │┌────────────────────────────────────────────────────────┐│                    "
"                    ││output-file.txt                                         ││                    "
"                    │└────────────────────────────────────────────────────────┘│                    "
"                    │                                   Enter Save | Esc Cancel│                    "
"                    └──────────────────────────────────────────────────────────┘                    "
"                                                                                                    "
"                                                                                                    "
"                                                                                                    "
"                                                                                                    "
"                                                                                                    "
"                                                                                                    "
"                                                                                                    "
"                                                                                                    "
"┌──────────────────────────────────────────────────────────────────────────────────────────────────┐"
"│                                                                                                  │"
"└──────────────────────────────────────────────────────────────────────────────────────────────────┘"
"                                        F1 Help Ctrl+C Quit                                     L:0 "
