---
source: src/app.rs
expression: terminal.backend()
---
"                                                                                                    "
"                                                                                                    "
"                                                                                                    "
"                                                                                                    "
"                                                                                                    "
"                                                                                                    "
"                                                                                                    "
"                                                                                                    "
"                                                                                                    "
"                                                                                                    "
"                                                                                                    "
"                                                                                                    "
"                    ┌ Save command to file ────────────────────────────────────┐                    "
"                    │┌────────────────────────────────────────────────────────┐│                    "
"                    ││command-file.txt                                        ││                    "
"                    │└────────────────────────────────────────────────────────┘│                    "
"                    │                                   Enter Save | Esc Cancel│                    "
"                    └──────────────────────────────────────────────────────────┘                    "
"                                                                                                    "
"                                                                                                    "
"                                                                                                    "
"                                                                                                    "
"                                                                                                    "
"                                                                                                    "
"                                                                                                    "
"                                                                                                    "
"┌──────────────────────────────────────────────────────────────────────────────────────────────────┐"
"│                                                                                                  │"
"└──────────────────────────────────────────────────────────────────────────────────────────────────┘"
"                                   ^C Quit Enter Execute F1 Help                                L:0 "
