---
source: src/app.rs
expression: terminal.backend()
---
"                       ┌ Keys ───────────────────────────────────────────────┐                      "
"                       │                                                     │                      "
"                       │                      Commands                       │                      "
"                       │enter        - Execute full command                  │                      "
"                       │alt+\        - Execute until cursor                  │                      "
"                       │alt+|        - Execute before cursor                 │                      "
"                       │alt+i        - Reset input                           │                      "
"                       │                                                     │                      "
"                       │f12          - Toggle Live mode                      │                      "
"                       │f11          - Toggle Live Until Cursor mode         │                      "
"                       │                                                     │                      "
"                       │                   Subcommand edit                   │                      "
"                       │alt+left     - Go to previous subcommand             │                      "
"                       │alt+right    - Go to next subcommand                 │                      "
"                       │alt+c        - Copy current subcommand               │                      "
"                       │alt+x        - Cut current subcommand                │                      "
"                       │alt+v        - Paste subcommand after                │                      "
"                       │                                                     │                      "
"                       │                     Navigation                      │                      "
"                       │up           - Scroll up                             │                      "
"                       │down         - Scroll down                           │                      "
"                       │pageup       - Scroll page up                        │                      "
"                       │pagedown     - Scroll page down                      │                      "
"                       │alt+l        - Scroll right                          │                      "
"                       │alt+h        - Scroll left                           │                      "
"                       │                                                     │                      "
"                       │alt+w        - Wrap output lines                     │                      "
"                       │                                                     │                      "
"                       │                       Presets                       │                      "
"                       │ctrl+n       - Create new preset                     │                      "
"                       │ctrl+t       - Create new preset from current command│                      "
"                       │ctrl+d       - Delete preset                         │                      "
"                       │ctrl+e       - Edit preset                           │                      "
"                       │ctrl+k       - Clone preset                          │                      "
"                       │                                                     │                      "
"                       │                     Completion                      │                      "
"                       │tab          - Complete forward                      │                      "
"                       │shift+tab    - Complete backward                     │                      "
"                       │                                                     │                      "
"                       │                       History                       │                      "
"                       │ctrl+p       - History previous item                 │                      "
"                       │ctrl+n       - History next item                     │                      "
"                       │                                                     │                      "
"                       │                       Search                        │                      "
"                       │f3           - Search next                           │                      "
"                       │f4           - Search previous                       │                      "
"┌──────────────────────│alt+x        - Toggle regex mode                     │─────────────────────┐"
"│                      │alt+c        - Toggle case sensitivity               │                     │"
"└──────────────────────│                          ▼                          │─────────────────────┘"
"                       └─────────────────────────────────────────────────────┘                  L:0 "
